
> planner-os@0.1.0 build
> next build

Γû▓ Next.js 16.1.0 (Turbopack)
- Environments: .env.local

node.exe : 
At C:\Program 
Files\nodejs\npm.ps1:29 
char:3
+   & $NODE_EXE 
$NPM_CLI_JS $args
+   ~~~~~~~~~~~~~~~~~~~~~~
~~~~~~~
    + CategoryInfo        
      : NotSpecified: (:  
  String) [], RemoteExc   
 eption
    + FullyQualifiedError 
   Id : NativeCommandErr  
  or
 
> Build error occurred
Error: Both middleware 
file "./middleware.ts" 
and proxy file 
"./proxy.ts" are 
detected. Please use 
"./proxy.ts" only. Learn 
more: https://nextjs.org/d
ocs/messages/middleware-to
-proxy
    at ignore-listed 
frames
